03.02.2023, 09:20 - 1 час 22 мин

C:\Users\RSAnd\Desktop\mint>node mint.js

Seems you are running newer version of MetaMask that recommended by dappeteer team.
      Use it at your own risk or set to the recommended version "v10.1.1".

Setting up MetaMask ...
Launching OpenSea ...
Connecting wallet ...
Connecting to Metamask...
Wallet connected
Please, sign initial request ...
Minting ...
Bypassing reCAPTCHA ...
starting captcha verification ...
solving recaptcha ...
completing verification ...
verification complete!
WAR IS #0001: successfully minted!

Minting ...
Bypassing reCAPTCHA ...
starting captcha verification ...
solving recaptcha ...
completing verification ...
verification complete!
WAR IS #0002: successfully minted!

Minting ...
Bypassing reCAPTCHA ...
starting captcha verification ...
solving recaptcha ...
completing verification ...
verification complete!
WAR IS #0003: successfully minted!

Minting ...
Bypassing reCAPTCHA ...
starting captcha verification ...
solving recaptcha ...
completing verification ...
verification complete!
WAR IS #0004: successfully minted!

Minting ...
Bypassing reCAPTCHA ...
starting captcha verification ...
solving recaptcha ...
completing verification ...
verification complete!
WAR IS #0005: successfully minted!

Minting ...
Bypassing reCAPTCHA ...
starting captcha verification ...
solving recaptcha ...
completing verification ...
verification complete!
WAR IS #0006: successfully minted!

Minting ...
Bypassing reCAPTCHA ...
starting captcha verification ...
solving recaptcha ...
completing verification ...
(err) captcha not passed!

C:\Users\RSAnd\Desktop\mint>node mint.js

Seems you are running newer version of MetaMask that recommended by dappeteer team.
      Use it at your own risk or set to the recommended version "v10.1.1".

Setting up MetaMask ...
Launching OpenSea ...
Connecting wallet ...
Connecting to Metamask...
Wallet connected
Please, sign initial request ...
Minting ...
Bypassing reCAPTCHA ...
starting captcha verification ...
solving recaptcha ...
C:\Users\RSAnd\Desktop\mint\node_modules\puppeteer-core\lib\cjs\puppeteer\common\ExecutionContext.js:229
        throw new Error('Evaluation failed: ' + (0, util_js_1.getExceptionMessage)(exceptionDetails));
              ^

Error: Evaluation failed: TypeError: Cannot read properties of null (reading 'getBoundingClientRect')
    at pptr://__puppeteer_evaluation_script__:4:170
    at new Promise (<anonymous>)
    at pptr://__puppeteer_evaluation_script__:2:22
    at ExecutionContext._ExecutionContext_evaluate (C:\Users\RSAnd\Desktop\mint\node_modules\puppeteer-core\lib\cjs\puppeteer\common\ExecutionContext.js:229:15)
    at async ExecutionContext.evaluate (C:\Users\RSAnd\Desktop\mint\node_modules\puppeteer-core\lib\cjs\puppeteer\common\ExecutionContext.js:107:16)
    at async solveCaptcha (C:\Users\RSAnd\Desktop\mint\solve-captcha.js:23:27)
    at async mint (C:\Users\RSAnd\Desktop\mint\mint.js:163:32)

Node.js v18.12.0

C:\Users\RSAnd\Desktop\mint>node mint.js

Seems you are running newer version of MetaMask that recommended by dappeteer team.
      Use it at your own risk or set to the recommended version "v10.1.1".

Setting up MetaMask ...
Launching OpenSea ...
Connecting wallet ...
Connecting to Metamask...
Wallet connected
Please, sign initial request ...
Minting ...
Bypassing reCAPTCHA ...
starting captcha verification ...
solving recaptcha ...
completing verification ...
(err) captcha not passed!

C:\Users\RSAnd\Desktop\mint>node mint.js

Seems you are running newer version of MetaMask that recommended by dappeteer team.
      Use it at your own risk or set to the recommended version "v10.1.1".

Setting up MetaMask ...
Launching OpenSea ...
Connecting wallet ...
Connecting to Metamask...
Wallet connected
Please, sign initial request ...
Minting ...
Bypassing reCAPTCHA ...
starting captcha verification ...
solving recaptcha ...
completing verification ...
verification complete!
WAR IS #0007: successfully minted!

Minting ...
Bypassing reCAPTCHA ...
starting captcha verification ...
solving recaptcha ...
completing verification ...
verification complete!
WAR IS #0008: successfully minted!

Minting ...
Bypassing reCAPTCHA ...
starting captcha verification ...
solving recaptcha ...
completing verification ...
(err) captcha not passed!

C:\Users\RSAnd\Desktop\mint>node mint.js

Seems you are running newer version of MetaMask that recommended by dappeteer team.
      Use it at your own risk or set to the recommended version "v10.1.1".

Setting up MetaMask ...
Launching OpenSea ...
Connecting wallet ...
Connecting to Metamask...
Wallet connected
Please, sign initial request ...
Minting ...
Bypassing reCAPTCHA ...
starting captcha verification ...
solving recaptcha ...
completing verification ...
verification complete!
WAR IS #0009: successfully minted!

Minting ...
Bypassing reCAPTCHA ...
starting captcha verification ...
solving recaptcha ...
completing verification ...
verification complete!
WAR IS #0010: successfully minted!

Minting ...
Bypassing reCAPTCHA ...
starting captcha verification ...
solving recaptcha ...
completing verification ...
(err) captcha not passed!

C:\Users\RSAnd\Desktop\mint>node mint.js

Seems you are running newer version of MetaMask that recommended by dappeteer team.
      Use it at your own risk or set to the recommended version "v10.1.1".

Setting up MetaMask ...
Launching OpenSea ...
Connecting wallet ...
Connecting to Metamask...
Wallet connected
Please, sign initial request ...
Minting ...
Bypassing reCAPTCHA ...
starting captcha verification ...
solving recaptcha ...
completing verification ...
verification complete!
WAR IS #0011: successfully minted!

Minting ...
Bypassing reCAPTCHA ...
starting captcha verification ...
solving recaptcha ...
completing verification ...
(err) captcha not passed!

C:\Users\RSAnd\Desktop\mint>node mint.js

Seems you are running newer version of MetaMask that recommended by dappeteer team.
      Use it at your own risk or set to the recommended version "v10.1.1".

Setting up MetaMask ...
Launching OpenSea ...
Connecting wallet ...
Connecting to Metamask...
Wallet connected
Please, sign initial request ...
Minting ...
Bypassing reCAPTCHA ...
starting captcha verification ...
solving recaptcha ...
completing verification ...
(err) captcha not passed!

C:\Users\RSAnd\Desktop\mint>node mint.js

Seems you are running newer version of MetaMask that recommended by dappeteer team.
      Use it at your own risk or set to the recommended version "v10.1.1".

Setting up MetaMask ...
Launching OpenSea ...
Connecting wallet ...
Connecting to Metamask...
Wallet connected
Please, sign initial request ...
Minting ...
Bypassing reCAPTCHA ...
starting captcha verification ...
solving recaptcha ...
completing verification ...
(err) captcha not passed!

C:\Users\RSAnd\Desktop\mint>node mint.js

Seems you are running newer version of MetaMask that recommended by dappeteer team.
      Use it at your own risk or set to the recommended version "v10.1.1".

Setting up MetaMask ...
Launching OpenSea ...
Connecting wallet ...
Connecting to Metamask...
Wallet connected
Please, sign initial request ...
Minting ...
Bypassing reCAPTCHA ...
starting captcha verification ...
solving recaptcha ...
completing verification ...
verification complete!
WAR IS #0012: successfully minted!

Minting ...
Bypassing reCAPTCHA ...
starting captcha verification ...
solving recaptcha ...
completing verification ...
(err) captcha not passed!

C:\Users\RSAnd\Desktop\mint>node mint.js

Seems you are running newer version of MetaMask that recommended by dappeteer team.
      Use it at your own risk or set to the recommended version "v10.1.1".

Setting up MetaMask ...
Launching OpenSea ...
Connecting wallet ...
Connecting to Metamask...
Wallet connected
Please, sign initial request ...
Minting ...
Bypassing reCAPTCHA ...
starting captcha verification ...
solving recaptcha ...
completing verification ...
verification complete!
WAR IS #0013: successfully minted!

Minting ...
Bypassing reCAPTCHA ...
starting captcha verification ...
solving recaptcha ...
completing verification ...
verification complete!
WAR IS #0014: successfully minted!

Minting ...
Bypassing reCAPTCHA ...
starting captcha verification ...
solving recaptcha ...
completing verification ...
(err) captcha not passed!

C:\Users\RSAnd\Desktop\mint>node mint.js

Seems you are running newer version of MetaMask that recommended by dappeteer team.
      Use it at your own risk or set to the recommended version "v10.1.1".

Setting up MetaMask ...
Launching OpenSea ...
Connecting wallet ...
Connecting to Metamask...
Wallet connected
Please, sign initial request ...
Minting ...
Bypassing reCAPTCHA ...
starting captcha verification ...
solving recaptcha ...
completing verification ...
verification complete!
WAR IS #0015: successfully minted!

Minting ...
Bypassing reCAPTCHA ...
starting captcha verification ...
solving recaptcha ...
completing verification ...
(err) captcha not passed!

C:\Users\RSAnd\Desktop\mint>node mint.js

Seems you are running newer version of MetaMask that recommended by dappeteer team.
      Use it at your own risk or set to the recommended version "v10.1.1".

Setting up MetaMask ...
Launching OpenSea ...
Connecting wallet ...
Connecting to Metamask...
Wallet connected
Please, sign initial request ...
Minting ...
Bypassing reCAPTCHA ...
starting captcha verification ...
solving recaptcha ...
completing verification ...
verification complete!
WAR IS #0016: successfully minted!

Minting ...
Bypassing reCAPTCHA ...
starting captcha verification ...
solving recaptcha ...
completing verification ...
verification complete!
WAR IS #0017: successfully minted!

Minting ...
Bypassing reCAPTCHA ...
starting captcha verification ...
solving recaptcha ...
completing verification ...
(err) captcha not passed!

C:\Users\RSAnd\Desktop\mint>node mint.js

Seems you are running newer version of MetaMask that recommended by dappeteer team.
      Use it at your own risk or set to the recommended version "v10.1.1".

Setting up MetaMask ...
Launching OpenSea ...
Connecting wallet ...
Connecting to Metamask...
Wallet connected
Please, sign initial request ...
Minting ...
Bypassing reCAPTCHA ...
starting captcha verification ...
solving recaptcha ...
completing verification ...
(err) captcha not passed!

C:\Users\RSAnd\Desktop\mint>node mint.js

Seems you are running newer version of MetaMask that recommended by dappeteer team.
      Use it at your own risk or set to the recommended version "v10.1.1".

Setting up MetaMask ...
Launching OpenSea ...
Connecting wallet ...
Connecting to Metamask...
Wallet connected
Please, sign initial request ...
Minting ...
Bypassing reCAPTCHA ...
starting captcha verification ...
solving recaptcha ...
completing verification ...
verification complete!
WAR IS #0018: successfully minted!

Minting ...
Bypassing reCAPTCHA ...
starting captcha verification ...
solving recaptcha ...
completing verification ...
verification complete!
WAR IS #0019: successfully minted!

Minting ...
Bypassing reCAPTCHA ...
starting captcha verification ...
solving recaptcha ...
completing verification ...
verification complete!
WAR IS #0020: successfully minted!

Minting ...
Bypassing reCAPTCHA ...
starting captcha verification ...
solving recaptcha ...
completing verification ...
(err) captcha not passed!

C:\Users\RSAnd\Desktop\mint>node mint.js

Seems you are running newer version of MetaMask that recommended by dappeteer team.
      Use it at your own risk or set to the recommended version "v10.1.1".

Setting up MetaMask ...
Launching OpenSea ...
Connecting wallet ...
Connecting to Metamask...
Wallet connected
Please, sign initial request ...
Minting ...
Bypassing reCAPTCHA ...
starting captcha verification ...
solving recaptcha ...
completing verification ...
verification complete!
WAR IS #0021: successfully minted!

Minting ...
Bypassing reCAPTCHA ...
starting captcha verification ...
solving recaptcha ...
completing verification ...
verification complete!
WAR IS #0022: successfully minted!

Minting ...
Bypassing reCAPTCHA ...
starting captcha verification ...
solving recaptcha ...
completing verification ...
verification complete!
WAR IS #0023: successfully minted!

Minting ...
Bypassing reCAPTCHA ...
starting captcha verification ...
solving recaptcha ...
completing verification ...
verification complete!
WAR IS #0024: successfully minted!

Minting ...
Bypassing reCAPTCHA ...
starting captcha verification ...
solving recaptcha ...
completing verification ...
(err) captcha not passed!

C:\Users\RSAnd\Desktop\mint>node mint.js

Seems you are running newer version of MetaMask that recommended by dappeteer team.
      Use it at your own risk or set to the recommended version "v10.1.1".

Setting up MetaMask ...
Launching OpenSea ...
Connecting wallet ...
Connecting to Metamask...
Wallet connected
Please, sign initial request ...
Minting ...
Bypassing reCAPTCHA ...
starting captcha verification ...
solving recaptcha ...
completing verification ...
verification complete!
WAR IS #0025: successfully minted!

Minting ...
Bypassing reCAPTCHA ...
starting captcha verification ...
solving recaptcha ...
completing verification ...
verification complete!
WAR IS #0026: successfully minted!

Minting ...
Bypassing reCAPTCHA ...
starting captcha verification ...
solving recaptcha ...
completing verification ...
verification complete!
WAR IS #0027: successfully minted!

Minting ...
Bypassing reCAPTCHA ...
starting captcha verification ...
solving recaptcha ...
completing verification ...
verification complete!
WAR IS #0028: successfully minted!

Minting ...
Bypassing reCAPTCHA ...
starting captcha verification ...
C:\Users\RSAnd\Desktop\mint\solve-captcha.js:14
    await checkbox[0].click()
                      ^

TypeError: Cannot read properties of undefined (reading 'click')
    at solveCaptcha (C:\Users\RSAnd\Desktop\mint\solve-captcha.js:14:23)
    at runNextTicks (node:internal/process/task_queues:60:5)
    at listOnTimeout (node:internal/timers:533:9)
    at process.processTimers (node:internal/timers:507:7)
    at async mint (C:\Users\RSAnd\Desktop\mint\mint.js:163:32)

Node.js v18.12.0

C:\Users\RSAnd\Desktop\mint>node mint.js

Seems you are running newer version of MetaMask that recommended by dappeteer team.
      Use it at your own risk or set to the recommended version "v10.1.1".

Setting up MetaMask ...
Launching OpenSea ...
Connecting wallet ...
Connecting to Metamask...
Wallet connected
Please, sign initial request ...
Minting ...
Bypassing reCAPTCHA ...
starting captcha verification ...
solving recaptcha ...
completing verification ...
verification complete!
WAR IS #0029: successfully minted!

Minting ...
Bypassing reCAPTCHA ...
starting captcha verification ...
solving recaptcha ...
completing verification ...
verification complete!
WAR IS #0030: successfully minted!

Minting ...
Bypassing reCAPTCHA ...
starting captcha verification ...
solving recaptcha ...
completing verification ...
verification complete!
WAR IS #0031: successfully minted!

Minting ...
Bypassing reCAPTCHA ...
starting captcha verification ...
solving recaptcha ...
completing verification ...
verification complete!
WAR IS #0032: successfully minted!

Minting ...
Bypassing reCAPTCHA ...
starting captcha verification ...
solving recaptcha ...
completing verification ...
verification complete!
WAR IS #0033: successfully minted!

Minting ...
Bypassing reCAPTCHA ...
starting captcha verification ...
solving recaptcha ...
completing verification ...
verification complete!
WAR IS #0034: successfully minted!

Minting ...
Bypassing reCAPTCHA ...
starting captcha verification ...
solving recaptcha ...
completing verification ...
verification complete!
WAR IS #0035: successfully minted!

Minting ...
Bypassing reCAPTCHA ...
starting captcha verification ...
solving recaptcha ...
completing verification ...
verification complete!
WAR IS #0036: successfully minted!

Minting ...
Bypassing reCAPTCHA ...
starting captcha verification ...
solving recaptcha ...
completing verification ...
verification complete!
WAR IS #0037: successfully minted!

Minting ...
Bypassing reCAPTCHA ...
starting captcha verification ...
solving recaptcha ...
completing verification ...
verification complete!
WAR IS #0038: successfully minted!

Minting ...
Bypassing reCAPTCHA ...
starting captcha verification ...
solving recaptcha ...
completing verification ...
verification complete!
WAR IS #0039: successfully minted!

Minting ...
Bypassing reCAPTCHA ...
starting captcha verification ...
solving recaptcha ...
completing verification ...
verification complete!
WAR IS #0040: successfully minted!

Minting ...
Bypassing reCAPTCHA ...
starting captcha verification ...
solving recaptcha ...
completing verification ...
verification complete!
WAR IS #0041: successfully minted!

Minting ...
Bypassing reCAPTCHA ...
starting captcha verification ...
solving recaptcha ...
completing verification ...
verification complete!
WAR IS #0042: successfully minted!

Minting ...
Bypassing reCAPTCHA ...
starting captcha verification ...
solving recaptcha ...
completing verification ...
(err) captcha not passed!

C:\Users\RSAnd\Desktop\mint>node mint.js

Seems you are running newer version of MetaMask that recommended by dappeteer team.
      Use it at your own risk or set to the recommended version "v10.1.1".

Setting up MetaMask ...
Launching OpenSea ...
Connecting wallet ...
Connecting to Metamask...
Wallet connected
Please, sign initial request ...
Minting ...
Bypassing reCAPTCHA ...
starting captcha verification ...
solving recaptcha ...
completing verification ...
(err) captcha not passed!

C:\Users\RSAnd\Desktop\mint>node mint.js

Seems you are running newer version of MetaMask that recommended by dappeteer team.
      Use it at your own risk or set to the recommended version "v10.1.1".

Setting up MetaMask ...
Launching OpenSea ...
Connecting wallet ...
Connecting to Metamask...
Wallet connected
Please, sign initial request ...
Minting ...
Bypassing reCAPTCHA ...
starting captcha verification ...
solving recaptcha ...
completing verification ...
verification complete!
WAR IS #0043: successfully minted!

Minting ...
Bypassing reCAPTCHA ...
starting captcha verification ...
solving recaptcha ...
completing verification ...
(err) captcha not passed!

C:\Users\RSAnd\Desktop\mint>node mint.js

Seems you are running newer version of MetaMask that recommended by dappeteer team.
      Use it at your own risk or set to the recommended version "v10.1.1".

Setting up MetaMask ...
Launching OpenSea ...
Connecting wallet ...
Connecting to Metamask...
Wallet connected
Please, sign initial request ...
Minting ...
Bypassing reCAPTCHA ...
starting captcha verification ...
solving recaptcha ...
completing verification ...
verification complete!
WAR IS #0044: successfully minted!

Minting ...
Bypassing reCAPTCHA ...
starting captcha verification ...
solving recaptcha ...
completing verification ...
(err) captcha not passed!

C:\Users\RSAnd\Desktop\mint>node mint.js

Seems you are running newer version of MetaMask that recommended by dappeteer team.
      Use it at your own risk or set to the recommended version "v10.1.1".

Setting up MetaMask ...
Launching OpenSea ...
Connecting wallet ...
Connecting to Metamask...
Wallet connected
Please, sign initial request ...
Minting ...
Bypassing reCAPTCHA ...
starting captcha verification ...
solving recaptcha ...
completing verification ...
verification complete!
WAR IS #0045: successfully minted!

Minting ...
Bypassing reCAPTCHA ...
starting captcha verification ...
solving recaptcha ...
completing verification ...
verification complete!
WAR IS #0046: successfully minted!

Minting ...
Bypassing reCAPTCHA ...
starting captcha verification ...
solving recaptcha ...
completing verification ...
verification complete!
WAR IS #0047: successfully minted!

Minting ...
Bypassing reCAPTCHA ...
starting captcha verification ...
solving recaptcha ...
completing verification ...
verification complete!
WAR IS #0048: successfully minted!

Minting ...
Bypassing reCAPTCHA ...
starting captcha verification ...
solving recaptcha ...
completing verification ...
verification complete!
WAR IS #0049: successfully minted!

Minting ...
Bypassing reCAPTCHA ...
starting captcha verification ...
solving recaptcha ...
completing verification ...
verification complete!
WAR IS #0050: successfully minted!

Minting ...
Bypassing reCAPTCHA ...
starting captcha verification ...
solving recaptcha ...
completing verification ...
(err) captcha not passed!

C:\Users\RSAnd\Desktop\mint>node mint.js

Seems you are running newer version of MetaMask that recommended by dappeteer team.
      Use it at your own risk or set to the recommended version "v10.1.1".

Setting up MetaMask ...
Launching OpenSea ...
Connecting wallet ...
Connecting to Metamask...
Wallet connected
Please, sign initial request ...
Minting ...
Bypassing reCAPTCHA ...
starting captcha verification ...
solving recaptcha ...
completing verification ...
verification complete!
WAR IS #0051: successfully minted!

Minting ...
Bypassing reCAPTCHA ...
starting captcha verification ...
solving recaptcha ...
completing verification ...
verification complete!
WAR IS #0052: successfully minted!

Minting ...
Bypassing reCAPTCHA ...
starting captcha verification ...
solving recaptcha ...
completing verification ...
(err) captcha not passed!

C:\Users\RSAnd\Desktop\mint>node mint.js

Seems you are running newer version of MetaMask that recommended by dappeteer team.
      Use it at your own risk or set to the recommended version "v10.1.1".

Setting up MetaMask ...
Launching OpenSea ...
Connecting wallet ...
Connecting to Metamask...
Wallet connected
Please, sign initial request ...
Minting ...
Bypassing reCAPTCHA ...
starting captcha verification ...
solving recaptcha ...
completing verification ...
verification complete!
WAR IS #0053: successfully minted!

Minting ...
Bypassing reCAPTCHA ...
starting captcha verification ...
solving recaptcha ...
completing verification ...
(err) captcha not passed!

C:\Users\RSAnd\Desktop\mint>node mint.js

Seems you are running newer version of MetaMask that recommended by dappeteer team.
      Use it at your own risk or set to the recommended version "v10.1.1".

Setting up MetaMask ...
Launching OpenSea ...
Connecting wallet ...
Connecting to Metamask...
Wallet connected
Please, sign initial request ...
Minting ...
Bypassing reCAPTCHA ...
starting captcha verification ...
solving recaptcha ...
completing verification ...
verification complete!
WAR IS #0054: successfully minted!

Minting ...
Bypassing reCAPTCHA ...
starting captcha verification ...
solving recaptcha ...
completing verification ...
verification complete!
WAR IS #0055: successfully minted!

Minting ...
Bypassing reCAPTCHA ...
starting captcha verification ...
solving recaptcha ...
completing verification ...
verification complete!
WAR IS #0056: successfully minted!

Minting ...
Bypassing reCAPTCHA ...
starting captcha verification ...
solving recaptcha ...
completing verification ...
verification complete!
WAR IS #0057: successfully minted!

Minting ...
Bypassing reCAPTCHA ...
starting captcha verification ...
solving recaptcha ...
completing verification ...
verification complete!
WAR IS #0058: successfully minted!

Minting ...
Bypassing reCAPTCHA ...
starting captcha verification ...
solving recaptcha ...
completing verification ...
verification complete!
WAR IS #0059: successfully minted!

Minting ...
Bypassing reCAPTCHA ...
starting captcha verification ...
solving recaptcha ...
completing verification ...
verification complete!
WAR IS #0060: successfully minted!

Minting ...
Bypassing reCAPTCHA ...
starting captcha verification ...
solving recaptcha ...
completing verification ...
verification complete!
WAR IS #0061: successfully minted!

Minting ...
Bypassing reCAPTCHA ...
starting captcha verification ...
solving recaptcha ...
completing verification ...
verification complete!
WAR IS #0062: successfully minted!

Minting ...
Bypassing reCAPTCHA ...
starting captcha verification ...
solving recaptcha ...
completing verification ...
verification complete!
WAR IS #0063: successfully minted!

Minting ...
Bypassing reCAPTCHA ...
starting captcha verification ...
solving recaptcha ...
completing verification ...
verification complete!
WAR IS #0064: successfully minted!

Minting ...
Bypassing reCAPTCHA ...
starting captcha verification ...
solving recaptcha ...
completing verification ...
verification complete!
WAR IS #0065: successfully minted!

Minting ...
Bypassing reCAPTCHA ...
starting captcha verification ...
solving recaptcha ...
completing verification ...
verification complete!
WAR IS #0066: successfully minted!

Minting ...
Bypassing reCAPTCHA ...
starting captcha verification ...
solving recaptcha ...
completing verification ...
verification complete!
WAR IS #0067: successfully minted!

Minting ...
Bypassing reCAPTCHA ...
starting captcha verification ...
solving recaptcha ...
completing verification ...
verification complete!
WAR IS #0068: successfully minted!

Minting ...
Bypassing reCAPTCHA ...
starting captcha verification ...
solving recaptcha ...
completing verification ...
verification complete!
WAR IS #0069: successfully minted!

Minting ...
Bypassing reCAPTCHA ...
starting captcha verification ...
solving recaptcha ...
completing verification ...
(err) captcha not passed!

C:\Users\RSAnd\Desktop\mint>node mint.js

Seems you are running newer version of MetaMask that recommended by dappeteer team.
      Use it at your own risk or set to the recommended version "v10.1.1".

Setting up MetaMask ...
Launching OpenSea ...
Connecting wallet ...
Connecting to Metamask...
Wallet connected
Please, sign initial request ...
Minting ...
Bypassing reCAPTCHA ...
starting captcha verification ...
solving recaptcha ...
completing verification ...
C:\Users\RSAnd\Desktop\mint\node_modules\puppeteer-core\lib\cjs\puppeteer\common\Connection.js:329
                error: new Errors_js_1.ProtocolError(),
                       ^

ProtocolError: Protocol error (Runtime.callFunctionOn): Target closed.
    at C:\Users\RSAnd\Desktop\mint\node_modules\puppeteer-core\lib\cjs\puppeteer\common\Connection.js:329:24
    at new Promise (<anonymous>)
    at CDPSessionImpl.send (C:\Users\RSAnd\Desktop\mint\node_modules\puppeteer-core\lib\cjs\puppeteer\common\Connection.js:325:16)
    at ExecutionContext._ExecutionContext_evaluate (C:\Users\RSAnd\Desktop\mint\node_modules\puppeteer-core\lib\cjs\puppeteer\common\ExecutionContext.js:211:46)
    at async ExecutionContext.evaluate (C:\Users\RSAnd\Desktop\mint\node_modules\puppeteer-core\lib\cjs\puppeteer\common\ExecutionContext.js:107:16)

Node.js v18.12.0

C:\Users\RSAnd\Desktop\mint>node mint.js

Seems you are running newer version of MetaMask that recommended by dappeteer team.
      Use it at your own risk or set to the recommended version "v10.1.1".

Setting up MetaMask ...
Launching OpenSea ...
Connecting wallet ...
Connecting to Metamask...
Wallet connected
Please, sign initial request ...
Minting ...
Bypassing reCAPTCHA ...
starting captcha verification ...
solving recaptcha ...
completing verification ...
verification complete!
WAR IS #0070: successfully minted!

Minting ...
Bypassing reCAPTCHA ...
starting captcha verification ...
solving recaptcha ...
completing verification ...
verification complete!
WAR IS #0071: successfully minted!

Minting ...
Bypassing reCAPTCHA ...
starting captcha verification ...
solving recaptcha ...
completing verification ...
verification complete!
WAR IS #0072: successfully minted!

Minting ...
Bypassing reCAPTCHA ...
starting captcha verification ...
solving recaptcha ...
completing verification ...
verification complete!
WAR IS #0073: successfully minted!

Minting ...
Bypassing reCAPTCHA ...
starting captcha verification ...
solving recaptcha ...
completing verification ...
verification complete!
WAR IS #0074: successfully minted!

Minting ...
Bypassing reCAPTCHA ...
starting captcha verification ...
solving recaptcha ...
completing verification ...
verification complete!
WAR IS #0075: successfully minted!

Minting ...
Bypassing reCAPTCHA ...
starting captcha verification ...
solving recaptcha ...
completing verification ...
verification complete!
WAR IS #0076: successfully minted!

Minting ...
Bypassing reCAPTCHA ...
starting captcha verification ...
solving recaptcha ...
completing verification ...
verification complete!
WAR IS #0077: successfully minted!

Minting ...
Bypassing reCAPTCHA ...
starting captcha verification ...
solving recaptcha ...
completing verification ...
verification complete!
WAR IS #0078: successfully minted!

Minting ...
Bypassing reCAPTCHA ...
starting captcha verification ...
solving recaptcha ...
completing verification ...
verification complete!
WAR IS #0079: successfully minted!

Minting ...
Bypassing reCAPTCHA ...
starting captcha verification ...
solving recaptcha ...
completing verification ...
verification complete!
WAR IS #0080: successfully minted!

Minting ...
Bypassing reCAPTCHA ...
starting captcha verification ...
solving recaptcha ...
completing verification ...
verification complete!
WAR IS #0081: successfully minted!

Minting ...
Bypassing reCAPTCHA ...
starting captcha verification ...
solving recaptcha ...
completing verification ...
verification complete!
WAR IS #0082: successfully minted!

Minting ...
Bypassing reCAPTCHA ...
starting captcha verification ...
solving recaptcha ...
completing verification ...
verification complete!
WAR IS #0083: successfully minted!

Minting ...
Bypassing reCAPTCHA ...
starting captcha verification ...
solving recaptcha ...
completing verification ...
verification complete!
WAR IS #0084: successfully minted!

Minting ...
Bypassing reCAPTCHA ...
starting captcha verification ...
solving recaptcha ...
completing verification ...
verification complete!
WAR IS #0085: successfully minted!

Minting ...
Bypassing reCAPTCHA ...
starting captcha verification ...
solving recaptcha ...
completing verification ...
(err) captcha not passed!

C:\Users\RSAnd\Desktop\mint>node mint.js

Seems you are running newer version of MetaMask that recommended by dappeteer team.
      Use it at your own risk or set to the recommended version "v10.1.1".

Setting up MetaMask ...
Launching OpenSea ...
Connecting wallet ...
Connecting to Metamask...
Wallet connected
Please, sign initial request ...
Minting ...
Bypassing reCAPTCHA ...
starting captcha verification ...
solving recaptcha ...
completing verification ...
verification complete!
WAR IS #0086: successfully minted!

Minting ...
Bypassing reCAPTCHA ...
starting captcha verification ...
solving recaptcha ...
completing verification ...
verification complete!
WAR IS #0087: successfully minted!

Minting ...
Bypassing reCAPTCHA ...
starting captcha verification ...
solving recaptcha ...
completing verification ...
verification complete!
WAR IS #0088: successfully minted!

Minting ...
Bypassing reCAPTCHA ...
starting captcha verification ...
solving recaptcha ...
completing verification ...
verification complete!
WAR IS #0089: successfully minted!

Minting ...
Bypassing reCAPTCHA ...
starting captcha verification ...
solving recaptcha ...
completing verification ...
(err) captcha not passed!

C:\Users\RSAnd\Desktop\mint>node mint.js

Seems you are running newer version of MetaMask that recommended by dappeteer team.
      Use it at your own risk or set to the recommended version "v10.1.1".

Setting up MetaMask ...
Launching OpenSea ...
Connecting wallet ...
Connecting to Metamask...
Wallet connected
Please, sign initial request ...
Minting ...
Bypassing reCAPTCHA ...
starting captcha verification ...
solving recaptcha ...
completing verification ...
verification complete!
WAR IS #0090: successfully minted!

Minting ...
Bypassing reCAPTCHA ...
starting captcha verification ...
solving recaptcha ...
completing verification ...
verification complete!
WAR IS #0091: successfully minted!

Minting ...
Bypassing reCAPTCHA ...
starting captcha verification ...
solving recaptcha ...
completing verification ...
verification complete!
WAR IS #0092: successfully minted!

Minting ...
Bypassing reCAPTCHA ...
starting captcha verification ...
solving recaptcha ...
completing verification ...
verification complete!
WAR IS #0093: successfully minted!

Minting ...
Bypassing reCAPTCHA ...
starting captcha verification ...
solving recaptcha ...
completing verification ...
verification complete!
WAR IS #0094: successfully minted!

Minting ...
Bypassing reCAPTCHA ...
starting captcha verification ...
solving recaptcha ...
completing verification ...
verification complete!
WAR IS #0095: successfully minted!

Minting ...
Bypassing reCAPTCHA ...
starting captcha verification ...
solving recaptcha ...
completing verification ...
verification complete!
WAR IS #0096: successfully minted!

Minting ...
Bypassing reCAPTCHA ...
starting captcha verification ...
solving recaptcha ...
completing verification ...
verification complete!
WAR IS #0097: successfully minted!

Minting ...
Bypassing reCAPTCHA ...
starting captcha verification ...
solving recaptcha ...
completing verification ...
verification complete!
WAR IS #0098: successfully minted!

Minting ...
Bypassing reCAPTCHA ...
starting captcha verification ...
solving recaptcha ...
completing verification ...
verification complete!
WAR IS #0099: successfully minted!

Minting ...
Bypassing reCAPTCHA ...
starting captcha verification ...
solving recaptcha ...
completing verification ...
(err) captcha not passed!

C:\Users\RSAnd\Desktop\mint>node mint.js

Seems you are running newer version of MetaMask that recommended by dappeteer team.
      Use it at your own risk or set to the recommended version "v10.1.1".

Setting up MetaMask ...
Launching OpenSea ...
Connecting wallet ...
Connecting to Metamask...
Wallet connected
Please, sign initial request ...
Minting ...
Bypassing reCAPTCHA ...
starting captcha verification ...
solving recaptcha ...
completing verification ...
verification complete!
WAR IS #0100: successfully minted!